COUPLER_INPROCESS=1 DARCY_SOLVER_BIN="/Users/usi/Documents/Documents-MacBook/Personal Projects/tesseract-inverse-thermography/tesseracts/darcy-flow/fortran/darcy" \
	OMP_NUM_THREADS=1 \
	"/Users/usi/Documents/Documents-MacBook/Personal Projects/CompBot/competitions/independent-build-useful-end-to-end-differentiable-systems/.venv/bin/python" scripts/experiment_c_renderer_necessity.py
arm: full
    ev    1  loss 4.955642e+04  data 4.955642e+04  fp_iters 15
    ev   26  loss 4.154322e+02  data 4.154322e+02  fp_iters 6
    ev   51  loss 1.162718e+02  data 1.162718e+02  fp_iters 6
    ev   76  loss 1.038326e+02  data 1.038325e+02  fp_iters 5
    ev  101  loss 2.274679e+02  data 2.274679e+02  fp_iters 6
    ev  126  loss 9.870273e+01  data 9.870265e+01  fp_iters 5
    ev  151  loss 9.811725e+01  data 9.811716e+01  fp_iters 5
    ev  176  loss 9.774893e+01  data 9.774883e+01  fp_iters 5
    ev  201  loss 9.754848e+01  data 9.754838e+01  fp_iters 5
    ev  226  loss 9.745930e+01  data 9.745919e+01  fp_iters 4
    ev  251  loss 9.744331e+01  data 9.744319e+01  fp_iters 4
    ev  276  loss 9.740852e+01  data 9.740840e+01  fp_iters 6
    ev  301  loss 9.734296e+01  data 9.734283e+01  fp_iters 5
    L-BFGS-B: 250 iterations, 325 evaluations, status 1 (STOP: TOTAL NO. OF ITERATIONS REACHED LIMIT)
  rel_l2=1.2477  centroid=0.780 cells  power=0.885  pixel_rms=13.950
arm: blackbody
    ev    1  loss 8.997503e+04  data 8.997503e+04  fp_iters 15
    ev   26  loss 1.909514e+03  data 1.909514e+03  fp_iters 6
    ev   51  loss 1.513709e+03  data 1.513709e+03  fp_iters 6
    ev   76  loss 1.488956e+03  data 1.488956e+03  fp_iters 5
    ev  101  loss 1.480123e+03  data 1.480123e+03  fp_iters 5
    ev  126  loss 1.481571e+03  data 1.481571e+03  fp_iters 6
    ev  151  loss 1.477343e+03  data 1.477343e+03  fp_iters 5
    ev  176  loss 1.476667e+03  data 1.476667e+03  fp_iters 5
    ev  201  loss 1.483359e+03  data 1.483359e+03  fp_iters 6
    ev  226  loss 1.475757e+03  data 1.475756e+03  fp_iters 5
    ev  251  loss 1.475398e+03  data 1.475398e+03  fp_iters 5
    ev  276  loss 1.475314e+03  data 1.475314e+03  fp_iters 5
    ev  301  loss 1.475167e+03  data 1.475167e+03  fp_iters 5
    ev  326  loss 1.475146e+03  data 1.475145e+03  fp_iters 4
    L-BFGS-B: 250 iterations, 326 evaluations, status 1 (STOP: TOTAL NO. OF ITERATIONS REACHED LIMIT)
  rel_l2=1.3072  centroid=0.557 cells  power=0.766  pixel_rms=54.317
arm: no_psf
    ev    1  loss 4.963113e+04  data 4.963113e+04  fp_iters 15
    ev   26  loss 3.937914e+02  data 3.937914e+02  fp_iters 6
    ev   51  loss 1.234939e+02  data 1.234939e+02  fp_iters 6
    ev   76  loss 1.113913e+02  data 1.113913e+02  fp_iters 6
    ev  101  loss 1.078742e+02  data 1.078742e+02  fp_iters 5
    ev  126  loss 1.070442e+02  data 1.070441e+02  fp_iters 5
    ev  151  loss 1.062054e+02  data 1.062053e+02  fp_iters 5
    ev  176  loss 1.058049e+02  data 1.058048e+02  fp_iters 5
    ev  201  loss 1.055368e+02  data 1.055367e+02  fp_iters 5
    ev  226  loss 1.054199e+02  data 1.054198e+02  fp_iters 5
    ev  251  loss 1.053637e+02  data 1.053635e+02  fp_iters 5
    ev  276  loss 1.052757e+02  data 1.052756e+02  fp_iters 5
    ev  301  loss 1.052477e+02  data 1.052475e+02  fp_iters 5
    ev  326  loss 1.052308e+02  data 1.052306e+02  fp_iters 4
    L-BFGS-B: 250 iterations, 337 evaluations, status 1 (STOP: TOTAL NO. OF ITERATIONS REACHED LIMIT)
  rel_l2=1.0075  centroid=0.786 cells  power=0.885  pixel_rms=14.507
arm: no_vignetting
    ev    1  loss 1.861333e+05  data 1.861333e+05  fp_iters 15
    ev   26  loss 1.073725e+04  data 1.073725e+04  fp_iters 6
    ev   51  loss 1.023436e+04  data 1.023436e+04  fp_iters 5
    ev   76  loss 1.016468e+04  data 1.016468e+04  fp_iters 5
    ev  101  loss 1.014643e+04  data 1.014643e+04  fp_iters 5
    ev  126  loss 1.014253e+04  data 1.014253e+04  fp_iters 5
/Users/usi/Documents/Documents-MacBook/Personal Projects/tesseract-inverse-thermography/coupler/thermography.py:162: RuntimeWarning: overflow encountered in exp
  return 1.0 / (1.0 + np.exp(-z))
    ev  151  loss 1.014208e+04  data 1.014208e+04  fp_iters 4
    ev  176  loss 1.014199e+04  data 1.014199e+04  fp_iters 5
    ev  201  loss 1.014189e+04  data 1.014189e+04  fp_iters 4
    L-BFGS-B: 173 iterations, 224 evaluations, status 0 (CONVERGENCE: RELATIVE REDUCTION OF F <= FACTR*EPSMCH)
  rel_l2=2.1492  centroid=5.273 cells  power=0.531  pixel_rms=142.421
arm: calibration_mismatch
    ev    1  loss 7.025817e+04  data 7.025817e+04  fp_iters 15
    ev   26  loss 1.958481e+03  data 1.958481e+03  fp_iters 7
    ev   51  loss 4.918056e+02  data 4.918055e+02  fp_iters 6
    ev   76  loss 4.622583e+02  data 4.622582e+02  fp_iters 6
    ev  101  loss 4.519859e+02  data 4.519858e+02  fp_iters 5
    ev  126  loss 4.477064e+02  data 4.477063e+02  fp_iters 5
    ev  151  loss 4.457611e+02  data 4.457610e+02  fp_iters 5
    ev  176  loss 4.451908e+02  data 4.451907e+02  fp_iters 5
    ev  201  loss 4.449088e+02  data 4.449087e+02  fp_iters 5
    ev  226  loss 4.447919e+02  data 4.447918e+02  fp_iters 5
    ev  251  loss 4.447690e+02  data 4.447689e+02  fp_iters 4
    ev  276  loss 4.447655e+02  data 4.447654e+02  fp_iters 5
    ev  301  loss 4.447616e+02  data 4.447615e+02  fp_iters 5
    L-BFGS-B: 250 iterations, 311 evaluations, status 1 (STOP: TOTAL NO. OF ITERATIONS REACHED LIMIT)
  rel_l2=1.4027  centroid=2.597 cells  power=0.807  pixel_rms=29.825
wrote /Users/usi/Documents/Documents-MacBook/Personal Projects/tesseract-inverse-thermography/figures/experiment_c_renderer.json (2402s)
